PASS  rm inside a project                                  -> none
PASS  rm of a whole project                                -> ask
PASS  rm outside the projects root                         -> deny
PASS  rm traversal out of a project                        -> deny
PASS  rm in /tmp                                           -> none
PASS  builder can run tests                                -> none
PASS  orchestrator may reload nginx                        -> none
PASS  devops database diagnostic defers to classifier      -> none
PASS  commit message naming a sensitive command            -> none
PASS  grep for a sensitive command                         -> none
PASS  echo describing a deploy                             -> none
PASS  rm mentioned in a commit msg                         -> none
PASS  git merge-base is read-only                          -> none
PASS  mutating a live project asks                         -> ask
PASS  diff deploy documentation is read-only               -> none
PASS  actual live deploy asks                              -> ask
PASS  reading a live project is ok                         -> none
PASS  mutating a scratch project                           -> none
PASS  deleting into a live project                         -> ask
PASS  deleting into a scratch one                          -> none
PASS  reading a live project file                          -> none
PASS  write inside current project                         -> none
PASS  edit live project asks                               -> ask
PASS  cross-project edit asks                              -> ask
PASS  write outside project denied                         -> deny
PASS  shared role memory is writable                       -> none
PASS  non-memory config remains denied                     -> deny
PASS  self-modifying agent rules denied                    -> deny
PASS  environment secret write asks                        -> ask
PASS  Bash cannot read .env                                -> deny
PASS  Bash can read env template                           -> none
PASS  Bash cannot read SSH keys                            -> deny
PASS  Bash cannot read Supervisor env                      -> deny
PASS  Supervisor token write denied                        -> deny
FAIL  builder cannot reload nginx                          -> none (expected deny)
FAIL  builder cannot push                                  -> none (expected deny)
FAIL  devops cannot deploy alone                           -> none (expected deny)
FAIL  sh -c hiding a server command                        -> none (expected deny)
FAIL  bash -c hiding a push                                -> none (expected deny)
FAIL  git push is still caught                             -> none (expected deny)
FAIL  git merge is still caught                            -> none (expected deny)

7 self-test failure(s).
